src/components/features/kas-harian/AddKasHarianDialog.tsx(46,38): error TS2561: Object literal may only specify known properties, but 'per_page' does not exist in type 'PaginationParams & { search?: string | undefined; enabled?: boolean | undefined; }'. Did you mean to write 'perPage'?
src/components/features/kas-harian/EditKasHarianDialog.tsx(46,38): error TS2561: Object literal may only specify known properties, but 'per_page' does not exist in type 'PaginationParams & { search?: string | undefined; enabled?: boolean | undefined; }'. Did you mean to write 'perPage'?
src/components/features/kas-harian/KasHarianSummary.tsx(42,64): error TS2339: Property 'akun' does not exist on type 'KasHarian'.
src/components/features/kas-harian/KasHarianSummary.tsx(66,42): error TS2339: Property 'akun' does not exist on type 'KasHarian'.
src/components/features/kas-harian/KasHarianSummary.tsx(69,39): error TS2339: Property 'tanggal' does not exist on type 'KasHarian'.
src/components/features/kas-harian/KasHarianSummary.tsx(81,35): error TS2551: Property 'debit' does not exist on type 'KasHarian'. Did you mean 'debet'?
src/components/features/kas-harian/KasHarianSummary.tsx(82,36): error TS2551: Property 'kredit' does not exist on type 'KasHarian'. Did you mean 'credit'?
src/components/features/master-data/account-group/AccountGroupCreatePage.tsx(17,7): error TS2353: Object literal may only specify known properties, and 'code' does not exist in type 'Partial<{ group_code: string; description?: string | undefined; }>'.
src/components/features/master-data/account-group/AccountGroupCreatePage.tsx(17,7): error TS2353: Object literal may only specify known properties, and 'code' does not exist in type '{ group_code?: string | undefined; description?: string | undefined; } | AsyncDefaultValues<{ group_code: string; description?: string | undefined; }>'.
src/components/features/master-data/account-group/AccountGroupCreatePage.tsx(31,40): error TS2345: Argument of type '{ group_code: string; description?: string | undefined; }' is not assignable to parameter of type 'AccountGroupPayload'.
  Property 'company_id' is missing in type '{ group_code: string; description?: string | undefined; }' but required in type 'AccountGroupPayload'.
src/components/features/master-data/account-group/AccountGroupCreatePage.tsx(63,29): error TS2322: Type 'UseFormReturn<{ group_code: string; description?: string | undefined; }, any, TFieldValues>' is not assignable to type 'UseFormReturn<{ group_code: string; description?: string | undefined; }>'.
  Types of property 'handleSubmit' are incompatible.
    Type 'UseFormHandleSubmit<{ group_code: string; description?: string | undefined; }, TFieldValues>' is not assignable to type 'UseFormHandleSubmit<{ group_code: string; description?: string | undefined; }, { group_code: string; description?: string | undefined; }>'.
      Types of parameters 'onValid' and 'onValid' are incompatible.
        Types of parameters 'data' and 'data' are incompatible.
          Type 'TFieldValues' is not assignable to type '{ group_code: string; description?: string | undefined; }'.
            Property 'group_code' is missing in type 'FieldValues' but required in type '{ group_code: string; description?: string | undefined; }'.
src/components/features/penerimaan-piutang/PenerimaanPiutangDetailHeader.tsx(13,29): error TS2339: Property 'totalJual' does not exist on type 'LiabilityDetail'.
src/components/features/penerimaan-piutang/PenerimaanPiutangDetailHeader.tsx(13,51): error TS2339: Property 'totalTerima' does not exist on type 'LiabilityDetail'.
src/components/features/penerimaan-piutang/PenerimaanPiutangDetailHeader.tsx(13,70): error TS2339: Property 'totalJual' does not exist on type 'LiabilityDetail'.
src/components/features/penerimaan-piutang/PenerimaanPiutangDetailHeader.tsx(34,79): error TS2339: Property 'kodeJual' does not exist on type 'LiabilityDetail'.
src/components/features/penerimaan-piutang/PenerimaanPiutangDetailHeader.tsx(53,76): error TS2339: Property 'kodeJual' does not exist on type 'LiabilityDetail'.
src/components/features/penerimaan-piutang/PenerimaanPiutangDetailHeader.tsx(60,80): error TS2339: Property 'tanggal' does not exist on type 'LiabilityDetail'.
src/components/features/penerimaan-piutang/PenerimaanPiutangDetailHeader.tsx(68,80): error TS2339: Property 'customer' does not exist on type 'LiabilityDetail'.
src/components/features/penerimaan-piutang/PenerimaanPiutangDetailHeader.tsx(86,94): error TS2339: Property 'totalJual' does not exist on type 'LiabilityDetail'.
src/components/features/penerimaan-piutang/PenerimaanPiutangDetailHeader.tsx(90,94): error TS2339: Property 'totalTerima' does not exist on type 'LiabilityDetail'.
src/components/features/penerimaan-piutang/PenerimaanPiutangDetailHeader.tsx(94,94): error TS2339: Property 'totalPiutang' does not exist on type 'LiabilityDetail'.
src/components/features/penerimaan-piutang/PenerimaanPiutangDetailHeader.tsx(100,95): error TS2339: Property 'totalPiutang' does not exist on type 'LiabilityDetail'.
src/components/features/penerimaan-piutang/PenerimaanPiutangPaymentTable.tsx(57,59): error TS2339: Property 'jumlahTerima' does not exist on type 'LiabilityListItem'.
src/components/features/penerimaan-piutang/PenerimaanPiutangPaymentTable.tsx(109,77): error TS2339: Property 'kodeTerima' does not exist on type 'LiabilityListItem'.
src/components/features/penerimaan-piutang/PenerimaanPiutangPaymentTable.tsx(110,65): error TS2339: Property 'tanggalTerima' does not exist on type 'LiabilityListItem'.
src/components/features/penerimaan-piutang/PenerimaanPiutangPaymentTable.tsx(111,65): error TS2339: Property 'kasMasuk' does not exist on type 'LiabilityListItem'.
src/components/features/penerimaan-piutang/PenerimaanPiutangPaymentTable.tsx(113,58): error TS2339: Property 'jumlahTerima' does not exist on type 'LiabilityListItem'.
src/components/features/pengeluaran-unit/PengeluaranUnitEditTable.tsx(9,10): error TS2724: '"@/@types/pengeluaran-unit.types"' has no exported member named 'PengeluaranUnitDetail'. Did you mean 'PengeluaranUnit'?
src/components/features/purchase/PurchasePaymentForm.tsx(63,9): error TS2322: Type 'Resolver<{ bcaPayment: number; cashPayment: number; paymentDate: string; note?: string | undefined; isPaid?: boolean | undefined; bcaPayment2?: number | undefined; }, any, { note: string; isPaid: boolean; bcaPayment: number; cashPayment: number; bcaPayment2: number; paymentDate: string; }>' is not assignable to type 'Resolver<{ note: string; isPaid: boolean; bcaPayment: number; cashPayment: number; bcaPayment2: number; paymentDate: string; }, any, { note: string; isPaid: boolean; bcaPayment: number; cashPayment: number; bcaPayment2: number; paymentDate: string; }>'.
  Types of parameters 'options' and 'options' are incompatible.
    Type 'ResolverOptions<{ note: string; isPaid: boolean; bcaPayment: number; cashPayment: number; bcaPayment2: number; paymentDate: string; }>' is not assignable to type 'ResolverOptions<{ bcaPayment: number; cashPayment: number; paymentDate: string; note?: string | undefined; isPaid?: boolean | undefined; bcaPayment2?: number | undefined; }>'.
      Type 'string | undefined' is not assignable to type 'string'.
        Type 'undefined' is not assignable to type 'string'.
src/components/features/purchase/PurchasePaymentForm.tsx(157,51): error TS2345: Argument of type '(values: PaymentFormData) => Promise<void>' is not assignable to parameter of type 'SubmitHandler<TFieldValues>'.
  Types of parameters 'values' and 'data' are incompatible.
    Type 'TFieldValues' is not assignable to type '{ note: string; isPaid: boolean; bcaPayment: number; cashPayment: number; bcaPayment2: number; paymentDate: string; }'.
      Type 'FieldValues' is missing the following properties from type '{ note: string; isPaid: boolean; bcaPayment: number; cashPayment: number; bcaPayment2: number; paymentDate: string; }': note, isPaid, bcaPayment, cashPayment, and 2 more.
src/components/features/purchase/PurchasePaymentForm.tsx(160,29): error TS2322: Type 'Control<{ note: string; isPaid: boolean; bcaPayment: number; cashPayment: number; bcaPayment2: number; paymentDate: string; }, any, TFieldValues>' is not assignable to type 'Control<{ note: string; isPaid: boolean; bcaPayment: number; cashPayment: number; bcaPayment2: number; paymentDate: string; }, any, { note: string; isPaid: boolean; bcaPayment: number; cashPayment: number; bcaPayment2: number; paymentDate: string; }>'.
  The types of '_options.resolver' are incompatible between these types.
    Type 'Resolver<{ note: string; isPaid: boolean; bcaPayment: number; cashPayment: number; bcaPayment2: number; paymentDate: string; }, any, TFieldValues> | undefined' is not assignable to type 'Resolver<{ note: string; isPaid: boolean; bcaPayment: number; cashPayment: number; bcaPayment2: number; paymentDate: string; }, any, { note: string; isPaid: boolean; bcaPayment: number; cashPayment: number; bcaPayment2: number; paymentDate: string; }> | undefined'.
      Type 'Resolver<{ note: string; isPaid: boolean; bcaPayment: number; cashPayment: number; bcaPayment2: number; paymentDate: string; }, any, TFieldValues>' is not assignable to type 'Resolver<{ note: string; isPaid: boolean; bcaPayment: number; cashPayment: number; bcaPayment2: number; paymentDate: string; }, any, { note: string; isPaid: boolean; bcaPayment: number; cashPayment: number; bcaPayment2: number; paymentDate: string; }>'.
        Type 'ResolverResult<{ note: string; isPaid: boolean; bcaPayment: number; cashPayment: number; bcaPayment2: number; paymentDate: string; }, TFieldValues> | Promise<...>' is not assignable to type 'ResolverResult<{ note: string; isPaid: boolean; bcaPayment: number; cashPayment: number; bcaPayment2: number; paymentDate: string; }, { note: string; isPaid: boolean; bcaPayment: number; cashPayment: number; bcaPayment2: number; paymentDate: string; }> | Promise<...>'.
          Type 'ResolverSuccess<TFieldValues>' is not assignable to type 'ResolverResult<{ note: string; isPaid: boolean; bcaPayment: number; cashPayment: number; bcaPayment2: number; paymentDate: string; }, { note: string; isPaid: boolean; bcaPayment: number; cashPayment: number; bcaPayment2: number; paymentDate: string; }> | Promise<...>'.
            Type 'ResolverSuccess<TFieldValues>' is not assignable to type 'ResolverSuccess<{ note: string; isPaid: boolean; bcaPayment: number; cashPayment: number; bcaPayment2: number; paymentDate: string; }>'.
              Type 'TFieldValues' is not assignable to type '{ note: string; isPaid: boolean; bcaPayment: number; cashPayment: number; bcaPayment2: number; paymentDate: string; }'.
                Type 'FieldValues' is missing the following properties from type '{ note: string; isPaid: boolean; bcaPayment: number; cashPayment: number; bcaPayment2: number; paymentDate: string; }': note, isPaid, bcaPayment, cashPayment, and 2 more.
src/components/features/purchase/PurchasePaymentForm.tsx(176,29): error TS2322: Type 'Control<{ note: string; isPaid: boolean; bcaPayment: number; cashPayment: number; bcaPayment2: number; paymentDate: string; }, any, TFieldValues>' is not assignable to type 'Control<{ note: string; isPaid: boolean; bcaPayment: number; cashPayment: number; bcaPayment2: number; paymentDate: string; }, any, { note: string; isPaid: boolean; bcaPayment: number; cashPayment: number; bcaPayment2: number; paymentDate: string; }>'.
  The types of '_options.resolver' are incompatible between these types.
    Type 'Resolver<{ note: string; isPaid: boolean; bcaPayment: number; cashPayment: number; bcaPayment2: number; paymentDate: string; }, any, TFieldValues> | undefined' is not assignable to type 'Resolver<{ note: string; isPaid: boolean; bcaPayment: number; cashPayment: number; bcaPayment2: number; paymentDate: string; }, any, { note: string; isPaid: boolean; bcaPayment: number; cashPayment: number; bcaPayment2: number; paymentDate: string; }> | undefined'.
      Type 'Resolver<{ note: string; isPaid: boolean; bcaPayment: number; cashPayment: number; bcaPayment2: number; paymentDate: string; }, any, TFieldValues>' is not assignable to type 'Resolver<{ note: string; isPaid: boolean; bcaPayment: number; cashPayment: number; bcaPayment2: number; paymentDate: string; }, any, { note: string; isPaid: boolean; bcaPayment: number; cashPayment: number; bcaPayment2: number; paymentDate: string; }>'.
        Type 'ResolverResult<{ note: string; isPaid: boolean; bcaPayment: number; cashPayment: number; bcaPayment2: number; paymentDate: string; }, TFieldValues> | Promise<...>' is not assignable to type 'ResolverResult<{ note: string; isPaid: boolean; bcaPayment: number; cashPayment: number; bcaPayment2: number; paymentDate: string; }, { note: string; isPaid: boolean; bcaPayment: number; cashPayment: number; bcaPayment2: number; paymentDate: string; }> | Promise<...>'.
          Type 'ResolverSuccess<TFieldValues>' is not assignable to type 'ResolverResult<{ note: string; isPaid: boolean; bcaPayment: number; cashPayment: number; bcaPayment2: number; paymentDate: string; }, { note: string; isPaid: boolean; bcaPayment: number; cashPayment: number; bcaPayment2: number; paymentDate: string; }> | Promise<...>'.
            Type 'ResolverSuccess<TFieldValues>' is not assignable to type 'ResolverSuccess<{ note: string; isPaid: boolean; bcaPayment: number; cashPayment: number; bcaPayment2: number; paymentDate: string; }>'.
              Type 'TFieldValues' is not assignable to type '{ note: string; isPaid: boolean; bcaPayment: number; cashPayment: number; bcaPayment2: number; paymentDate: string; }'.
                Type 'FieldValues' is missing the following properties from type '{ note: string; isPaid: boolean; bcaPayment: number; cashPayment: number; bcaPayment2: number; paymentDate: string; }': note, isPaid, bcaPayment, cashPayment, and 2 more.
src/components/features/purchase/PurchasePaymentForm.tsx(189,29): error TS2322: Type 'Control<{ note: string; isPaid: boolean; bcaPayment: number; cashPayment: number; bcaPayment2: number; paymentDate: string; }, any, TFieldValues>' is not assignable to type 'Control<{ note: string; isPaid: boolean; bcaPayment: number; cashPayment: number; bcaPayment2: number; paymentDate: string; }, any, { note: string; isPaid: boolean; bcaPayment: number; cashPayment: number; bcaPayment2: number; paymentDate: string; }>'.
  The types of '_options.resolver' are incompatible between these types.
    Type 'Resolver<{ note: string; isPaid: boolean; bcaPayment: number; cashPayment: number; bcaPayment2: number; paymentDate: string; }, any, TFieldValues> | undefined' is not assignable to type 'Resolver<{ note: string; isPaid: boolean; bcaPayment: number; cashPayment: number; bcaPayment2: number; paymentDate: string; }, any, { note: string; isPaid: boolean; bcaPayment: number; cashPayment: number; bcaPayment2: number; paymentDate: string; }> | undefined'.
      Type 'Resolver<{ note: string; isPaid: boolean; bcaPayment: number; cashPayment: number; bcaPayment2: number; paymentDate: string; }, any, TFieldValues>' is not assignable to type 'Resolver<{ note: string; isPaid: boolean; bcaPayment: number; cashPayment: number; bcaPayment2: number; paymentDate: string; }, any, { note: string; isPaid: boolean; bcaPayment: number; cashPayment: number; bcaPayment2: number; paymentDate: string; }>'.
        Type 'ResolverResult<{ note: string; isPaid: boolean; bcaPayment: number; cashPayment: number; bcaPayment2: number; paymentDate: string; }, TFieldValues> | Promise<...>' is not assignable to type 'ResolverResult<{ note: string; isPaid: boolean; bcaPayment: number; cashPayment: number; bcaPayment2: number; paymentDate: string; }, { note: string; isPaid: boolean; bcaPayment: number; cashPayment: number; bcaPayment2: number; paymentDate: string; }> | Promise<...>'.
          Type 'ResolverSuccess<TFieldValues>' is not assignable to type 'ResolverResult<{ note: string; isPaid: boolean; bcaPayment: number; cashPayment: number; bcaPayment2: number; paymentDate: string; }, { note: string; isPaid: boolean; bcaPayment: number; cashPayment: number; bcaPayment2: number; paymentDate: string; }> | Promise<...>'.
            Type 'ResolverSuccess<TFieldValues>' is not assignable to type 'ResolverSuccess<{ note: string; isPaid: boolean; bcaPayment: number; cashPayment: number; bcaPayment2: number; paymentDate: string; }>'.
              Type 'TFieldValues' is not assignable to type '{ note: string; isPaid: boolean; bcaPayment: number; cashPayment: number; bcaPayment2: number; paymentDate: string; }'.
                Type 'FieldValues' is missing the following properties from type '{ note: string; isPaid: boolean; bcaPayment: number; cashPayment: number; bcaPayment2: number; paymentDate: string; }': note, isPaid, bcaPayment, cashPayment, and 2 more.
src/components/features/purchase/PurchasePaymentForm.tsx(205,29): error TS2322: Type 'Control<{ note: string; isPaid: boolean; bcaPayment: number; cashPayment: number; bcaPayment2: number; paymentDate: string; }, any, TFieldValues>' is not assignable to type 'Control<{ note: string; isPaid: boolean; bcaPayment: number; cashPayment: number; bcaPayment2: number; paymentDate: string; }, any, { note: string; isPaid: boolean; bcaPayment: number; cashPayment: number; bcaPayment2: number; paymentDate: string; }>'.
  The types of '_options.resolver' are incompatible between these types.
    Type 'Resolver<{ note: string; isPaid: boolean; bcaPayment: number; cashPayment: number; bcaPayment2: number; paymentDate: string; }, any, TFieldValues> | undefined' is not assignable to type 'Resolver<{ note: string; isPaid: boolean; bcaPayment: number; cashPayment: number; bcaPayment2: number; paymentDate: string; }, any, { note: string; isPaid: boolean; bcaPayment: number; cashPayment: number; bcaPayment2: number; paymentDate: string; }> | undefined'.
      Type 'Resolver<{ note: string; isPaid: boolean; bcaPayment: number; cashPayment: number; bcaPayment2: number; paymentDate: string; }, any, TFieldValues>' is not assignable to type 'Resolver<{ note: string; isPaid: boolean; bcaPayment: number; cashPayment: number; bcaPayment2: number; paymentDate: string; }, any, { note: string; isPaid: boolean; bcaPayment: number; cashPayment: number; bcaPayment2: number; paymentDate: string; }>'.
        Type 'ResolverResult<{ note: string; isPaid: boolean; bcaPayment: number; cashPayment: number; bcaPayment2: number; paymentDate: string; }, TFieldValues> | Promise<...>' is not assignable to type 'ResolverResult<{ note: string; isPaid: boolean; bcaPayment: number; cashPayment: number; bcaPayment2: number; paymentDate: string; }, { note: string; isPaid: boolean; bcaPayment: number; cashPayment: number; bcaPayment2: number; paymentDate: string; }> | Promise<...>'.
          Type 'ResolverSuccess<TFieldValues>' is not assignable to type 'ResolverResult<{ note: string; isPaid: boolean; bcaPayment: number; cashPayment: number; bcaPayment2: number; paymentDate: string; }, { note: string; isPaid: boolean; bcaPayment: number; cashPayment: number; bcaPayment2: number; paymentDate: string; }> | Promise<...>'.
            Type 'ResolverSuccess<TFieldValues>' is not assignable to type 'ResolverSuccess<{ note: string; isPaid: boolean; bcaPayment: number; cashPayment: number; bcaPayment2: number; paymentDate: string; }>'.
              Type 'TFieldValues' is not assignable to type '{ note: string; isPaid: boolean; bcaPayment: number; cashPayment: number; bcaPayment2: number; paymentDate: string; }'.
                Type 'FieldValues' is missing the following properties from type '{ note: string; isPaid: boolean; bcaPayment: number; cashPayment: number; bcaPayment2: number; paymentDate: string; }': note, isPaid, bcaPayment, cashPayment, and 2 more.
src/components/features/purchase/PurchasePaymentForm.tsx(244,25): error TS2322: Type 'Control<{ note: string; isPaid: boolean; bcaPayment: number; cashPayment: number; bcaPayment2: number; paymentDate: string; }, any, TFieldValues>' is not assignable to type 'Control<{ note: string; isPaid: boolean; bcaPayment: number; cashPayment: number; bcaPayment2: number; paymentDate: string; }, any, { note: string; isPaid: boolean; bcaPayment: number; cashPayment: number; bcaPayment2: number; paymentDate: string; }>'.
  The types of '_options.resolver' are incompatible between these types.
    Type 'Resolver<{ note: string; isPaid: boolean; bcaPayment: number; cashPayment: number; bcaPayment2: number; paymentDate: string; }, any, TFieldValues> | undefined' is not assignable to type 'Resolver<{ note: string; isPaid: boolean; bcaPayment: number; cashPayment: number; bcaPayment2: number; paymentDate: string; }, any, { note: string; isPaid: boolean; bcaPayment: number; cashPayment: number; bcaPayment2: number; paymentDate: string; }> | undefined'.
      Type 'Resolver<{ note: string; isPaid: boolean; bcaPayment: number; cashPayment: number; bcaPayment2: number; paymentDate: string; }, any, TFieldValues>' is not assignable to type 'Resolver<{ note: string; isPaid: boolean; bcaPayment: number; cashPayment: number; bcaPayment2: number; paymentDate: string; }, any, { note: string; isPaid: boolean; bcaPayment: number; cashPayment: number; bcaPayment2: number; paymentDate: string; }>'.
        Type 'ResolverResult<{ note: string; isPaid: boolean; bcaPayment: number; cashPayment: number; bcaPayment2: number; paymentDate: string; }, TFieldValues> | Promise<...>' is not assignable to type 'ResolverResult<{ note: string; isPaid: boolean; bcaPayment: number; cashPayment: number; bcaPayment2: number; paymentDate: string; }, { note: string; isPaid: boolean; bcaPayment: number; cashPayment: number; bcaPayment2: number; paymentDate: string; }> | Promise<...>'.
          Type 'ResolverSuccess<TFieldValues>' is not assignable to type 'ResolverResult<{ note: string; isPaid: boolean; bcaPayment: number; cashPayment: number; bcaPayment2: number; paymentDate: string; }, { note: string; isPaid: boolean; bcaPayment: number; cashPayment: number; bcaPayment2: number; paymentDate: string; }> | Promise<...>'.
            Type 'ResolverSuccess<TFieldValues>' is not assignable to type 'ResolverSuccess<{ note: string; isPaid: boolean; bcaPayment: number; cashPayment: number; bcaPayment2: number; paymentDate: string; }>'.
              Type 'TFieldValues' is not assignable to type '{ note: string; isPaid: boolean; bcaPayment: number; cashPayment: number; bcaPayment2: number; paymentDate: string; }'.
                Type 'FieldValues' is missing the following properties from type '{ note: string; isPaid: boolean; bcaPayment: number; cashPayment: number; bcaPayment2: number; paymentDate: string; }': note, isPaid, bcaPayment, cashPayment, and 2 more.
src/components/features/purchase/PurchasePaymentForm.tsx(258,25): error TS2322: Type 'Control<{ note: string; isPaid: boolean; bcaPayment: number; cashPayment: number; bcaPayment2: number; paymentDate: string; }, any, TFieldValues>' is not assignable to type 'Control<{ note: string; isPaid: boolean; bcaPayment: number; cashPayment: number; bcaPayment2: number; paymentDate: string; }, any, { note: string; isPaid: boolean; bcaPayment: number; cashPayment: number; bcaPayment2: number; paymentDate: string; }>'.
  The types of '_options.resolver' are incompatible between these types.
    Type 'Resolver<{ note: string; isPaid: boolean; bcaPayment: number; cashPayment: number; bcaPayment2: number; paymentDate: string; }, any, TFieldValues> | undefined' is not assignable to type 'Resolver<{ note: string; isPaid: boolean; bcaPayment: number; cashPayment: number; bcaPayment2: number; paymentDate: string; }, any, { note: string; isPaid: boolean; bcaPayment: number; cashPayment: number; bcaPayment2: number; paymentDate: string; }> | undefined'.
      Type 'Resolver<{ note: string; isPaid: boolean; bcaPayment: number; cashPayment: number; bcaPayment2: number; paymentDate: string; }, any, TFieldValues>' is not assignable to type 'Resolver<{ note: string; isPaid: boolean; bcaPayment: number; cashPayment: number; bcaPayment2: number; paymentDate: string; }, any, { note: string; isPaid: boolean; bcaPayment: number; cashPayment: number; bcaPayment2: number; paymentDate: string; }>'.
        Type 'ResolverResult<{ note: string; isPaid: boolean; bcaPayment: number; cashPayment: number; bcaPayment2: number; paymentDate: string; }, TFieldValues> | Promise<...>' is not assignable to type 'ResolverResult<{ note: string; isPaid: boolean; bcaPayment: number; cashPayment: number; bcaPayment2: number; paymentDate: string; }, { note: string; isPaid: boolean; bcaPayment: number; cashPayment: number; bcaPayment2: number; paymentDate: string; }> | Promise<...>'.
          Type 'ResolverSuccess<TFieldValues>' is not assignable to type 'ResolverResult<{ note: string; isPaid: boolean; bcaPayment: number; cashPayment: number; bcaPayment2: number; paymentDate: string; }, { note: string; isPaid: boolean; bcaPayment: number; cashPayment: number; bcaPayment2: number; paymentDate: string; }> | Promise<...>'.
            Type 'ResolverSuccess<TFieldValues>' is not assignable to type 'ResolverSuccess<{ note: string; isPaid: boolean; bcaPayment: number; cashPayment: number; bcaPayment2: number; paymentDate: string; }>'.
              Type 'TFieldValues' is not assignable to type '{ note: string; isPaid: boolean; bcaPayment: number; cashPayment: number; bcaPayment2: number; paymentDate: string; }'.
                Type 'FieldValues' is missing the following properties from type '{ note: string; isPaid: boolean; bcaPayment: number; cashPayment: number; bcaPayment2: number; paymentDate: string; }': note, isPaid, bcaPayment, cashPayment, and 2 more.
src/components/features/sales/CreateSalesModal.tsx(50,51): error TS2345: Argument of type '{ person_id: number; warehouse_id: number; code: string; type: "sales"; max_capacity: number; stock_state: string; }' is not assignable to parameter of type 'SalesPayload'.
  Property 'company_id' is missing in type '{ person_id: number; warehouse_id: number; code: string; type: "sales"; max_capacity: number; stock_state: string; }' but required in type 'SalesPayload'.
src/components/features/type-unit/CreateBrandDialog.tsx(51,9): error TS2353: Object literal may only specify known properties, and 'description' does not exist in type 'BrandPayload'.
src/components/features/type-unit/CreateBrandDialog.tsx(57,45): error TS2345: Argument of type 'string | number' is not assignable to parameter of type 'number'.
  Type 'string' is not assignable to type 'number'.
src/components/features/type-unit/TypeUnitForm.tsx(36,41): error TS7006: Parameter 'brand' implicitly has an 'any' type.
src/components/features/type-unit/TypeUnitForm.tsx(66,59): error TS7006: Parameter 'brand' implicitly has an 'any' type.
src/components/features/type-unit/TypeUnitForm.tsx(77,54): error TS7006: Parameter 'brand' implicitly has an 'any' type.
src/pages/dashboard/[slug]/finance/kas-harian/index.tsx(17,46): error TS2554: Expected 1 arguments, but got 0.
src/pages/dashboard/[slug]/finance/kas-harian/index.tsx(36,39): error TS2339: Property 'filter' does not exist on type 'CashFlowListResult'.
src/pages/dashboard/[slug]/finance/kas-harian/index.tsx(36,47): error TS7006: Parameter 'item' implicitly has an 'any' type.
src/pages/dashboard/[slug]/finance/kas-harian/index.tsx(83,77): error TS2739: Type '{ data: any; onEdit: (item: KasHarian) => void; onDelete: (item: KasHarian) => void; }' is missing the following properties from type 'Props': meta, hasNextPage, onPageChange
src/pages/dashboard/[slug]/laporan/laporan-pembelian/[type].tsx(27,17): error TS2353: Object literal may only specify known properties, and 'jenis' does not exist in type 'PurchaseTransactionParams'.
src/pages/dashboard/[slug]/laporan/laporan-penerimaan/[type].tsx(27,17): error TS2353: Object literal may only specify known properties, and 'jenis' does not exist in type 'PenerimaanParams'.
src/pages/dashboard/[slug]/laporan/laporan-penjualan/[type].tsx(27,17): error TS2353: Object literal may only specify known properties, and 'jenis' does not exist in type 'SalesTransactionParams'.
src/pages/dashboard/[slug]/master/type-unit/index.tsx(83,38): error TS2345: Argument of type 'File' is not assignable to parameter of type '{ file: File; }'.
  Property 'file' is missing in type 'File' but required in type '{ file: File; }'.
src/pages/dashboard/[slug]/sales/[id]/unit/[unitId]/edit.tsx(71,49): error TS18048: 'item' is possibly 'undefined'.
src/pages/dashboard/[slug]/sales/[id]/unit/[unitId]/edit.tsx(73,35): error TS18048: 'item' is possibly 'undefined'.
src/pages/dashboard/[slug]/warehouse/stock-unit/index.tsx(62,25): error TS2339: Property 'current_page' does not exist on type 'PaginatedResult<StockUnit>'.
src/pages/dashboard/[slug]/warehouse/stock-unit/index.tsx(63,28): error TS2339: Property 'per_page' does not exist on type 'PaginatedResult<StockUnit>'.
src/pages/dashboard/[slug]/warehouse/stock-unit/index.tsx(64,30): error TS2339: Property 'total' does not exist on type 'PaginatedResult<StockUnit>'.
src/services/kas-harian.service.ts(6,9): error TS2322: Type 'string' is not assignable to type 'number'.
src/services/kas-harian.service.ts(20,39): error TS2551: Property 'companyId' does not exist on type 'KasHarian'. Did you mean 'company'?
src/services/kas-harian.service.ts(26,13): error TS2322: Type 'string' is not assignable to type 'number'.
src/services/kas-harian.service.ts(42,13): error TS2367: This comparison appears to be unintentional because the types 'number' and 'string' have no overlap.
src/services/kas-harian.service.ts(57,50): error TS2367: This comparison appears to be unintentional because the types 'number' and 'string' have no overlap.
src/services/penerimaan-piutang.service.ts(15,7): error TS2322: Type 'string' is not assignable to type 'number'.
src/services/penerimaan-piutang.service.ts(32,39): error TS2367: This comparison appears to be unintentional because the types 'number' and 'string' have no overlap.
src/services/penerimaan-piutang.service.ts(36,28): error TS2339: Property 'jumlahTerima' does not exist on type 'LiabilityListItem'.
src/services/penerimaan-piutang.service.ts(44,9): error TS2322: Type 'string' is not assignable to type 'number'.
src/services/penerimaan-piutang.service.ts(51,77): error TS2339: Property 'jumlahTerima' does not exist on type 'LiabilityListItem'.
src/services/penerimaan-piutang.service.ts(55,16): error TS2339: Property 'kodeJual' does not exist on type 'LiabilityListItem'.
src/services/penerimaan-piutang.service.ts(56,7): error TS2353: Object literal may only specify known properties, and 'kodeJual' does not exist in type 'LiabilityDetail'.
src/services/penerimaan-piutang.service.ts(56,22): error TS2339: Property 'kodeJual' does not exist on type 'LiabilityListItem'.
src/services/penerimaan-piutang.service.ts(57,21): error TS2339: Property 'tanggalTerima' does not exist on type 'LiabilityListItem'.
src/services/penerimaan-piutang.service.ts(62,45): error TS2339: Property 'localeCompare' does not exist on type 'number'.
src/services/stock-unit.service.ts(61,26): error TS2551: Property 'per_page' does not exist on type 'PaginationParams & { stock_state?: string | undefined; machine_number?: string | undefined; chassis_number?: string | undefined; color?: string | undefined; search?: string | undefined; }'. Did you mean 'perPage'?
